== 2026-10-03T21:58:57Z FHE gaps 1+2, stage prep (pre-ceremony-ABI)
82cf57b1be1a4451b8e11c4ee123c45566a653c61cdeeb72eeed225dbf34b980  /bin-in/repl_edu_board
f59478670362b58c6a2909abdfa21ccac03c005be662823cdddec711b81dcf4c  /bin-in/pqctoday-kmip
09b242a5fb5fe8ec12d3e7752f7ef9f289ce7bcaf8736677e816d8646d0f8d95  /bin-in/repl_edu_courier
== preflight
  mx95-board: NXP FRDM-IMX95 ntp=yes
  mx95pro-board: NXP FRDM-IMX95-PRO ntp=yes
== deploy to /tmp/repl-test
== bootstrap --fhe (board-local enrollment)
PQCTODAY EDUCATIONAL TEST ONLY — pre-ceremony-ABI
  [mx95-board] repl_edu_board init
    token initialised on slot 0
  [mx95-board] repl_edu_board csr /tmp/repl-test/x/csr.der
    wrote /tmp/repl-test/x/csr.der (5373 B)
  [mx95-board] repl_edu_board complete /tmp/repl-test/x/root.der /tmp/repl-test/x/device-issued.der /tmp/repl-test/x/root-crl.der /tmp/repl-test/x
    wrote /tmp/repl-test/x/device.der (5615 B)
    wrote /tmp/repl-test/x/device-crl.der (3492 B)
    wrote /tmp/repl-test/x/device-id.bin (32 B)
  [mx95pro-board] repl_edu_board init
    token initialised on slot 0
  [mx95pro-board] repl_edu_board csr /tmp/repl-test/x/csr.der
    wrote /tmp/repl-test/x/csr.der (5373 B)
  [mx95pro-board] repl_edu_board complete /tmp/repl-test/x/root.der /tmp/repl-test/x/device-issued.der /tmp/repl-test/x/root-crl.der /tmp/repl-test/x
    wrote /tmp/repl-test/x/device.der (5615 B)
    wrote /tmp/repl-test/x/device-crl.der (3492 B)
    wrote /tmp/repl-test/x/device-id.bin (32 B)
  [mx95-board] repl_edu_board peer /tmp/repl-test/x/peer-device.der /tmp/repl-test/x/peer-crl.der

  [mx95pro-board] repl_edu_board peer /tmp/repl-test/x/peer-device.der /tmp/repl-test/x/peer-crl.der

  [mx95-board] repl_edu_board fhe-policy /tmp/repl-test/x/fhe-dp-id.bin
    wrote /tmp/repl-test/x/fhe-dp-id.bin (48 B)
  [mx95pro-board] repl_edu_board fhe-policy /tmp/repl-test/x/fhe-dp-id.bin
    wrote /tmp/repl-test/x/fhe-dp-id.bin (48 B)
  [mx95-board] repl_edu_board policy /tmp/repl-test/x/policy.der /tmp/repl-test/x/policy-id.bin
    wrote /tmp/repl-test/x/policy-id.bin (48 B)
  [mx95pro-board] repl_edu_board policy /tmp/repl-test/x/policy.der /tmp/repl-test/x/policy-id.bin
    wrote /tmp/repl-test/x/policy-id.bin (48 B)
bootstrap OK: both boards enrolled under one test root; policy id 5678431aaec2d217
== custodian mx95-board: FHE seed + export (board-local)
PQCTODAY EDUCATIONAL TEST ONLY — repl_edu_board fhe-genkey
wrote /tmp/repl-test/x/fhe/uid.txt (36 B)
wrote /tmp/repl-test/x/fhe/lineage.bin (32 B)
PQCTODAY EDUCATIONAL TEST ONLY — repl_edu_board fhe-export
wrote /tmp/repl-test/x/fhe/export/compressed_server_key.bin (30147061 B)
wrote /tmp/repl-test/x/fhe/export/compressed_server_key.manifest.der (140 B)
wrote /tmp/repl-test/x/fhe/export/compressed_server_key.manifest.sig (3309 B)
wrote /tmp/repl-test/x/fhe/export/compact_public_key.bin (33034 B)
wrote /tmp/repl-test/x/fhe/export/compact_public_key.manifest.der (140 B)
wrote /tmp/repl-test/x/fhe/export/compact_public_key.manifest.sig (3309 B)
wrote /tmp/repl-test/x/fhe/export/signer_spki.der (1974 B)
wrote /tmp/repl-test/x/fhe/export/signer_evidence.der (15317 B)
wrote /tmp/repl-test/x/fhe/export/crls/device.crl.der (3492 B)
  mx95-board signer_spki sha256 cb7719e2ab018ffb0c008384931d385a5cd2b0ac6da8d35b72ec901e24401315
== WINDOW START 2026-10-03T21:59:25Z: stopping appliance pqctoday-kmip on both boards
  mx95-board: appliance kmip stopped
  mx95pro-board: appliance kmip stopped
== WINDOW 1: offline backup of the FHE seed mx95-board -> mx95pro-board over KMIP (crypto network)
PQCTODAY EDUCATIONAL TEST ONLY — pre-ceremony-ABI
src IssueSourceChallenge     CK_RV=0x00000000 out=    32 B    348.8 ms  kx=X25519MLKEM768
dst BeginReceive             CK_RV=0x00000000 out= 26200 B    319.9 ms  kx=X25519MLKEM768
src CreateReplicationPackage CK_RV=0x00000000 out= 31882 B     30.0 ms  kx=X25519MLKEM768
dst ImportReplicationPackage CK_RV=0x00000000 out= 14866 B     23.4 ms  kx=X25519MLKEM768
PASS receipt verified on the operator host against the test root and both device CRLs
NEG exact retry → same receipt              PASS
NEG tampered package                     CK_RV=0x0000001b
NEG wrong recipient (package to source)  CK_RV=0x0000001b
NEG function value 0                     CK_RV=0x00000007
NEG CloneKey over KMIP                   CK_RV=0x00000054
NEG unknown CKA_UNIQUE_ID                CK_RV=0x00000060
== RESTORE appliance pqctoday-kmip (2026-10-03T21:59:29Z)
  mx95-board: active
  mx95pro-board: active
== backup mx95pro-board: re-derive and export its own public material
PQCTODAY EDUCATIONAL TEST ONLY — repl_edu_board fhe-export
note: no manifest signer on this token; generating a new one (new signer SPKI, label fhe-manifest-signer generated-on-restore)
wrote /tmp/repl-test/x/fhe/export/compressed_server_key.bin (30147061 B)
wrote /tmp/repl-test/x/fhe/export/compressed_server_key.manifest.der (140 B)
wrote /tmp/repl-test/x/fhe/export/compressed_server_key.manifest.sig (3309 B)
wrote /tmp/repl-test/x/fhe/export/compact_public_key.bin (33034 B)
wrote /tmp/repl-test/x/fhe/export/compact_public_key.manifest.der (140 B)
wrote /tmp/repl-test/x/fhe/export/compact_public_key.manifest.sig (3309 B)
wrote /tmp/repl-test/x/fhe/export/signer_spki.der (1974 B)
wrote /tmp/repl-test/x/fhe/export/signer_evidence.der (15317 B)
wrote /tmp/repl-test/x/fhe/export/crls/device.crl.der (3492 B)
  mx95pro-board signer_spki sha256 02b379072d4a0e8884968944ec6da4a129ff6ea1f841dcae91546e15ea6480eb
PQCTODAY EDUCATIONAL TEST ONLY — repl_edu_board count-lineage
PQCTODAY EDUCATIONAL TEST ONLY — repl_edu_board count-lineage
  counts: mx95-board=1 mx95pro-board=1
== PREP DONE: hand over to the KV260 legs (normal, failover, destroy on mx95-board)
